<ac:structured-macro ac:name="code"><ac:parameter ac:name="language">go</ac:parameter><ac:plain-text-body><![CDATA[fmt.Println("hi")
]]></ac:plain-text-body></ac:structured-macro>
<ac:structured-macro ac:name="code"><ac:plain-text-body><![CDATA[plain text
]]></ac:plain-text-body></ac:structured-macro>
